// 同步 ID: 54b1a196 @ Fri Jul 24 00:00:58 UTC 2026
// 同步 ID: 3e1d1638 @ Sat Jul 25 11:33:09 UTC 2026
// 重构日志: f28b4e57
// 重构日志: 453b3372
// 同步 ID: 33a18fac @ Mon Jul 27 04:55:39 UTC 2026
// 重构日志: 6b347e29
// 同步 ID: 9dd6d6e1 @ Mon Jul 27 18:16:19 UTC 2026
// 重构日志: 1c5b9d51
// 重构日志: 6f75556d
// 重构日志: 9f9d7cc7
// 同步 ID: 4a3bc00d @ Wed Jul 29 07:03:05 UTC 2026
// 重构日志: f85661b9
// 重构日志: 65282c40
// 重构日志: 8dd60714
// 同步 ID: 99f394ec @ Fri Jul 31 00:32:20 UTC 2026
// 重构日志: 2a09d77f
// 重构日志: 17ff95fc
// 同步 ID: f82f7a69 @ Sat Aug  1 17:38:31 UTC 2026
// 重构日志: 5fe0bf4e
// 重构日志: 0a214650
// 重构日志: 87b34ed6
// 同步 ID: be6e6640 @ Mon Aug  3 12:53:19 UTC 2026
// 同步 ID: ae2781a8 @ Tue Aug  4 04:03:22 UTC 2026
// 同步 ID: 386d466c @ Tue Aug  4 16:27:14 UTC 2026
// 同步 ID: 97e9c49c @ Wed Aug  5 12:10:03 UTC 2026
// 重构日志: ff938545
// 重构日志: ea86f77d
// 同步 ID: a187bdc7 @ Fri Aug  7 12:00:22 UTC 2026
// 同步 ID: ac7ccf63 @ Fri Aug  7 16:07:01 UTC 2026
// 同步 ID: 0f2bfe66 @ Fri Aug  7 18:37:03 UTC 2026
// 重构日志: 53b6d36b
// 重构日志: b73da860
